{
  "listdir": [
    "drwx------    11 0 0                12288 2018-09-08T05:48:46Z lost+found",
    "drwxr-xr-x    12 0 0                 1024 2018-09-16T11:26:12Z directory1",
    "drwxr-xr-x    14 0 0                 1024 2018-09-16T11:25:30Z directory1/subdirectory1",
    "-rw-r--r--    21 0 0                   52 2018-09-16T11:25:28Z directory1/subdirectory1/fortune3",
    "-rw-r--r--    22 0 0                   65 2018-09-16T11:25:33Z directory1/subdirectory1/fortune4",
    "drwxr-xr-x    15 0 0                 1024 2018-09-16T11:26:26Z directory1/subdirectory2",
    "-rw-r--r--    23 0 0                   40 2018-09-16T11:26:25Z directory1/subdirectory2/fortune7",
    "-rw-r--r--    24 0 0                   20 2018-09-16T11:26:26Z directory1/subdirectory2/fortune8",
    "-rw-r--r--    17 0 0                   48 2018-09-16T11:25:09Z directory1/fortune1",
    "-rw-r--r--    18 0 0                   56 2018-09-16T11:25:00Z directory1/fortune2",
    "-rw-r--r--    19 0 0                  344 2018-09-16T11:26:11Z directory1/fortune5",
    "-rw-r--r--    20 0 0                  111 2018-09-16T11:26:12Z directory1/fortune6",
    "drwxr-xr-x    13 0 0                 1024 2018-09-16T11:26:44Z directory2",
    "-rw-r--r--    25 0 0                  303 2018-09-16T11:26:44Z directory2/fortune10",
    "-rw-r--r--    26 0 0                   39 2018-09-16T11:26:42Z directory2/fortune9",
    "-rw-r--r--    16 0 0               849597 2018-09-08T06:08:45Z thejungle.txt",
    ""
  ],
  "fortune3_md5": "11d91b018f54be7e5a04dd1bc35b3d0b",
  "stat": [
    "{",
    "  \"Name\": \"thejungle.txt\",",
    "  \"FullPath\": \"thejungle.txt\",",
    "  \"Size\": 849597,",
    "  \"Mode\": 33188,",
    "  \"ModeStr\": \"-rw-r--r--\",",
    "  \"ModTime\": \"2018-09-08T06:08:45.384292851Z\",",
    "  \"Mtime\": \"2018-09-08T06:08:45.384292851Z\",",
    "  \"Atime\": \"2018-09-17T08:03:24.384292851Z\",",
    "  \"Ctime\": \"2018-09-17T08:03:24.000000012Z\",",
    "  \"Btime\": \"2018-09-16T11:25:09Z\",",
    "  \"Data\": {",
    "   \"Inode\": 16,",
    "   \"Uid\": 0,",
    "   \"Gid\": 0",
    "  }",
    " }",
    "",
    "Extents (10)",
    "FileOffset      Length    DiskOffset",
    "       0x0      0x4000        0xe800",
    "    0x4000      0x4000       0xf8400",
    "    0x8000      0x8000       0xf0400",
    "   0x10000     0x10000       0xe0400",
    "   0x20000     0x20000       0xc0400",
    "   0x40000     0x31800       0x8ec00",
    "   0x71800      0x3c00       0xfc400",
    "   0x75400      0x3000        0x7400",
    "   0x78400      0x7c00       0x80400",
    "   0x80000     0x4f800       0x12800",
    "",
    ""
  ]
}